
> my-app@0.1.0 build
> next build

Γû▓ Next.js 16.1.6 (Turbopack)

  Creating an optimized production build ...
Γ£ô Compiled successfully in 8.8s
  Running TypeScript ...
  Collecting page data using 3 workers ...
  Generating static pages using 3 workers (0/9) ...
  Generating static pages using 3 workers (2/9) 
  Generating static pages using 3 workers (4/9) 
  Generating static pages using 3 workers (6/9) 
Γ£ô Generating static pages using 3 workers (9/9) in 737.8ms
  Finalizing page optimization ...

Route (app)
Γöî Γùï /
Γö£ Γùï /_not-found
Γö£ ╞Æ /api/verify-email
Γö£ ╞Æ /api/verify-email/resend
Γö£ ╞Æ /api/verify-email/status
Γö£ ╞Æ /blog
Γö£ Γùï /credits/purchase
Γö£ ╞Æ /marketplace/[id]
Γöö Γùï /verify-email


Γùï  (Static)   prerendered as static content
╞Æ  (Dynamic)  server-rendered on demand

